app/dashboard/admin/experts/page.tsx(12,29): error TS2307: Cannot find module 'react-navigate-dom' or its corresponding type declarations.
app/dashboard/admin/solutions/[id]/page.tsx(38,9): error TS2322: Type '{ children: (string | Element)[]; href: string; className: string; }' is not assignable to type 'IntrinsicAttributes & LinkProps & RefAttributes<HTMLAnchorElement>'.
  Property 'href' does not exist on type 'IntrinsicAttributes & LinkProps & RefAttributes<HTMLAnchorElement>'. Did you mean 'ref'?
app/dashboard/admin/solutions/page.tsx(112,33): error TS2322: Type '{ children: string; href: string; }' is not assignable to type 'IntrinsicAttributes & LinkProps & RefAttributes<HTMLAnchorElement>'.
  Property 'href' does not exist on type 'IntrinsicAttributes & LinkProps & RefAttributes<HTMLAnchorElement>'. Did you mean 'ref'?
app/dashboard/admin/users/[id]/page.tsx(15,33): error TS2339: Property 'get' does not exist on type '[URLSearchParams, SetURLSearchParams]'.
app/dashboard/admin/users/[id]/page.tsx(64,9): error TS2322: Type '{ children: (string | Element)[]; href: string; className: string; }' is not assignable to type 'IntrinsicAttributes & LinkProps & RefAttributes<HTMLAnchorElement>'.
  Property 'href' does not exist on type 'IntrinsicAttributes & LinkProps & RefAttributes<HTMLAnchorElement>'. Did you mean 'ref'?
app/dashboard/admin/users/[id]/page.tsx(124,20): error TS18048: 'userData.domains' is possibly 'undefined'.
app/dashboard/admin/users/[id]/page.tsx(130,20): error TS18048: 'userData.techStacks' is possibly 'undefined'.
app/dashboard/admin/users/page.tsx(80,35): error TS2322: Type '{ children: string; href: string; }' is not assignable to type 'IntrinsicAttributes & LinkProps & RefAttributes<HTMLAnchorElement>'.
  Property 'href' does not exist on type 'IntrinsicAttributes & LinkProps & RefAttributes<HTMLAnchorElement>'. Did you mean 'ref'?
app/dashboard/admin/users/page.tsx(138,35): error TS2322: Type '{ children: string; href: string; }' is not assignable to type 'IntrinsicAttributes & LinkProps & RefAttributes<HTMLAnchorElement>'.
  Property 'href' does not exist on type 'IntrinsicAttributes & LinkProps & RefAttributes<HTMLAnchorElement>'. Did you mean 'ref'?
app/dashboard/expert/review/[id]/page.tsx(13,22): error TS2307: Cannot find module 'react-navigate-dom' or its corresponding type declarations.
app/dashboard/expert/review/[id]/page.tsx(14,29): error TS2307: Cannot find module 'react-navigate-dom' or its corresponding type declarations.
app/dashboard/layout.tsx(4,29): error TS2307: Cannot find module 'react-navigate-dom' or its corresponding type declarations.
app/dashboard/user/page.tsx(64,17): error TS2322: Type '{ children: (string | Element)[]; href: string; }' is not assignable to type 'IntrinsicAttributes & LinkProps & RefAttributes<HTMLAnchorElement>'.
  Property 'href' does not exist on type 'IntrinsicAttributes & LinkProps & RefAttributes<HTMLAnchorElement>'. Did you mean 'ref'?
app/dashboard/user/page.tsx(70,17): error TS2322: Type '{ children: (string | Element)[]; href: string; }' is not assignable to type 'IntrinsicAttributes & LinkProps & RefAttributes<HTMLAnchorElement>'.
  Property 'href' does not exist on type 'IntrinsicAttributes & LinkProps & RefAttributes<HTMLAnchorElement>'. Did you mean 'ref'?
app/dashboard/user/page.tsx(115,27): error TS2322: Type '{ children: string; href: string; className: string; }' is not assignable to type 'IntrinsicAttributes & LinkProps & RefAttributes<HTMLAnchorElement>'.
  Property 'href' does not exist on type 'IntrinsicAttributes & LinkProps & RefAttributes<HTMLAnchorElement>'. Did you mean 'ref'?
app/dashboard/user/pending/page.tsx(74,27): error TS2322: Type '{ children: string; href: string; className: string; }' is not assignable to type 'IntrinsicAttributes & LinkProps & RefAttributes<HTMLAnchorElement>'.
  Property 'href' does not exist on type 'IntrinsicAttributes & LinkProps & RefAttributes<HTMLAnchorElement>'. Did you mean 'ref'?
app/dashboard/user/search/page.tsx(17,51): error TS2339: Property 'get' does not exist on type '[URLSearchParams, SetURLSearchParams]'.
app/dashboard/user/search/page.tsx(29,28): error TS2339: Property 'get' does not exist on type '[URLSearchParams, SetURLSearchParams]'.
app/dashboard/user/solution/[id]/page.tsx(24,17): error TS2322: Type '{ children: string; href: string; }' is not assignable to type 'IntrinsicAttributes & LinkProps & RefAttributes<HTMLAnchorElement>'.
  Property 'href' does not exist on type 'IntrinsicAttributes & LinkProps & RefAttributes<HTMLAnchorElement>'. Did you mean 'ref'?
app/dashboard/user/solution/[id]/page.tsx(34,13): error TS2322: Type '{ children: (string | Element)[]; href: string; className: string; }' is not assignable to type 'IntrinsicAttributes & LinkProps & RefAttributes<HTMLAnchorElement>'.
  Property 'href' does not exist on type 'IntrinsicAttributes & LinkProps & RefAttributes<HTMLAnchorElement>'. Did you mean 'ref'?
app/dashboard/user/submit/page.tsx(16,29): error TS2307: Cannot find module 'react-navigate-dom' or its corresponding type declarations.
app/layout.tsx(9,16): error TS2552: Cannot find name 'Inter'. Did you mean '_inter'?
app/layout.tsx(10,24): error TS2552: Cannot find name 'JetBrains_Mono'. Did you mean '_jetbrainsMono'?
app/login/page.tsx(4,22): error TS2307: Cannot find module 'react-navigate-dom' or its corresponding type declarations.
app/login/page.tsx(5,29): error TS2307: Cannot find module 'react-navigate-dom' or its corresponding type declarations.
app/signup/page.tsx(4,22): error TS2307: Cannot find module 'react-navigate-dom' or its corresponding type declarations.
app/signup/page.tsx(5,29): error TS2307: Cannot find module 'react-navigate-dom' or its corresponding type declarations.
components/cards/solution-card.tsx(85,18): error TS2322: Type '{ children: Element; href: string; }' is not assignable to type 'IntrinsicAttributes & LinkProps & RefAttributes<HTMLAnchorElement>'.
  Property 'href' does not exist on type 'IntrinsicAttributes & LinkProps & RefAttributes<HTMLAnchorElement>'. Did you mean 'ref'?
components/landing/cta-section.tsx(23,23): error TS2322: Type '{ children: (string | Element)[]; href: string; }' is not assignable to type 'IntrinsicAttributes & LinkProps & RefAttributes<HTMLAnchorElement>'.
  Property 'href' does not exist on type 'IntrinsicAttributes & LinkProps & RefAttributes<HTMLAnchorElement>'. Did you mean 'ref'?
components/landing/cta-section.tsx(29,23): error TS2322: Type '{ children: string; href: string; }' is not assignable to type 'IntrinsicAttributes & LinkProps & RefAttributes<HTMLAnchorElement>'.
  Property 'href' does not exist on type 'IntrinsicAttributes & LinkProps & RefAttributes<HTMLAnchorElement>'. Did you mean 'ref'?
components/landing/footer.tsx(22,17): error TS2322: Type '{ children: string; href: string; className: string; }' is not assignable to type 'IntrinsicAttributes & LinkProps & RefAttributes<HTMLAnchorElement>'.
  Property 'href' does not exist on type 'IntrinsicAttributes & LinkProps & RefAttributes<HTMLAnchorElement>'. Did you mean 'ref'?
components/landing/footer.tsx(25,17): error TS2322: Type '{ children: string; href: string; className: string; }' is not assignable to type 'IntrinsicAttributes & LinkProps & RefAttributes<HTMLAnchorElement>'.
  Property 'href' does not exist on type 'IntrinsicAttributes & LinkProps & RefAttributes<HTMLAnchorElement>'. Did you mean 'ref'?
components/landing/footer.tsx(28,17): error TS2322: Type '{ children: string; href: string; className: string; }' is not assignable to type 'IntrinsicAttributes & LinkProps & RefAttributes<HTMLAnchorElement>'.
  Property 'href' does not exist on type 'IntrinsicAttributes & LinkProps & RefAttributes<HTMLAnchorElement>'. Did you mean 'ref'?
components/landing/footer.tsx(31,17): error TS2322: Type '{ children: string; href: string; className: string; }' is not assignable to type 'IntrinsicAttributes & LinkProps & RefAttributes<HTMLAnchorElement>'.
  Property 'href' does not exist on type 'IntrinsicAttributes & LinkProps & RefAttributes<HTMLAnchorElement>'. Did you mean 'ref'?
components/landing/hero-section.tsx(33,19): error TS2322: Type '{ children: (string | Element)[]; href: string; }' is not assignable to type 'IntrinsicAttributes & LinkProps & RefAttributes<HTMLAnchorElement>'.
  Property 'href' does not exist on type 'IntrinsicAttributes & LinkProps & RefAttributes<HTMLAnchorElement>'. Did you mean 'ref'?
components/landing/hero-section.tsx(39,19): error TS2322: Type '{ children: string; href: string; }' is not assignable to type 'IntrinsicAttributes & LinkProps & RefAttributes<HTMLAnchorElement>'.
  Property 'href' does not exist on type 'IntrinsicAttributes & LinkProps & RefAttributes<HTMLAnchorElement>'. Did you mean 'ref'?
components/landing/navbar.tsx(27,15): error TS2322: Type '{ children: Element[]; href: string; className: string; }' is not assignable to type 'IntrinsicAttributes & LinkProps & RefAttributes<HTMLAnchorElement>'.
  Property 'href' does not exist on type 'IntrinsicAttributes & LinkProps & RefAttributes<HTMLAnchorElement>'. Did you mean 'ref'?
components/landing/navbar.tsx(53,21): error TS2322: Type '{ children: string; href: string; }' is not assignable to type 'IntrinsicAttributes & LinkProps & RefAttributes<HTMLAnchorElement>'.
  Property 'href' does not exist on type 'IntrinsicAttributes & LinkProps & RefAttributes<HTMLAnchorElement>'. Did you mean 'ref'?
components/landing/navbar.tsx(56,21): error TS2322: Type '{ children: string; href: string; }' is not assignable to type 'IntrinsicAttributes & LinkProps & RefAttributes<HTMLAnchorElement>'.
  Property 'href' does not exist on type 'IntrinsicAttributes & LinkProps & RefAttributes<HTMLAnchorElement>'. Did you mean 'ref'?
components/landing/navbar.tsx(96,23): error TS2322: Type '{ children: string; href: string; }' is not assignable to type 'IntrinsicAttributes & LinkProps & RefAttributes<HTMLAnchorElement>'.
  Property 'href' does not exist on type 'IntrinsicAttributes & LinkProps & RefAttributes<HTMLAnchorElement>'. Did you mean 'ref'?
components/landing/navbar.tsx(99,23): error TS2322: Type '{ children: string; href: string; }' is not assignable to type 'IntrinsicAttributes & LinkProps & RefAttributes<HTMLAnchorElement>'.
  Property 'href' does not exist on type 'IntrinsicAttributes & LinkProps & RefAttributes<HTMLAnchorElement>'. Did you mean 'ref'?
components/layout/dashboard-header.tsx(7,29): error TS2307: Cannot find module 'react-navigate-dom' or its corresponding type declarations.
components/layout/dashboard-sidebar.tsx(41,20): error TS2552: Cannot find name 'useLocation'. Did you mean 'location'?
components/layout/dashboard-sidebar.tsx(72,15): error TS2322: Type '{ children: (string | Element)[]; key: string; href: string; className: string; }' is not assignable to type 'IntrinsicAttributes & LinkProps & RefAttributes<HTMLAnchorElement>'.
  Property 'href' does not exist on type 'IntrinsicAttributes & LinkProps & RefAttributes<HTMLAnchorElement>'. Did you mean 'ref'?
